
> react-kavia@0.1.0 start
> cross-env EDIT_MODE=true webpack serve --config .ve/webpack.config.js --mode development

<i> [webpack-dev-server] Project is running at:
<i> [webpack-dev-server] Loopback: http://localhost:3000/, http://[::1]:3000/
<i> [webpack-dev-server] On Your Network (IPv4): http://172.17.0.2:3000/
<i> [webpack-dev-server] Content not from webpack is served from './public' directory
Injecting EditorRootWrapper import: ../.ve/EditorRootWrapper
asset bundle.js 1.39 MiB [emitted] (name: main)
asset index.html 1.98 KiB [emitted]
runtime modules 27.5 KiB 14 modules
modules by path ./node_modules/ 1.24 MiB 31 modules
modules by path ./src/ 10.3 KiB
  modules by path ./src/*.css 7.49 KiB 4 modules
  modules by path ./src/*.js 2.76 KiB
    ./src/index.js 530 bytes [built] [code generated]
    ./src/App.js 2.24 KiB [built] [code generated]
modules by path ./.ve/ 15.1 KiB
  modules by path ./.ve/*.js 10.6 KiB 2 modules
  modules by path ./.ve/*.css 2.93 KiB
    ./.ve/EditorOverlay.css 2.25 KiB [built] [code generated]
    ./node_modules/css-loader/dist/cjs.js!./.ve/EditorOverlay.css 697 bytes [built] [code generated]
  ./.ve/EditorOverlay.jsx 1.58 KiB [built] [code generated]
webpack 5.99.9 compiled successfully in 1566 ms
assets by status 1.98 KiB [cached] 1 asset
assets by path *.js 1.44 MiB
  asset bundle.js 1.42 MiB [emitted] (name: main)
  asset main.469d1d0a0f290f2dd00d.hot-update.js 29.6 KiB [emitted] [immutable] [hmr] (name: main)
asset main.469d1d0a0f290f2dd00d.hot-update.json 28 bytes [emitted] [immutable] [hmr]
Entrypoint main 1.44 MiB = bundle.js 1.42 MiB main.469d1d0a0f290f2dd00d.hot-update.js 29.6 KiB
cached modules 1.26 MiB [cached] 41 modules
runtime modules 27.5 KiB 14 modules
./src/App.js 18.7 KiB [built] [code generated]

ERROR in ./src/App.js 2:0-90
Module not found: Error: Can't resolve 'react-router-dom' in '/home/kavia/workspace/code-generation/engagequest-62271-baaff81c/engagequest_frontend/src'
resolve 'react-router-dom' in '/home/kavia/workspace/code-generation/engagequest-62271-baaff81c/engagequest_frontend/src'
  Parsed request is a module
  using description file: /home/kavia/workspace/code-generation/engagequest-62271-baaff81c/engagequest_frontend/package.json (relative path: ./src)
    Field 'browser' doesn't contain a valid alias configuration
    resolve as module
      /home/kavia/workspace/code-generation/engagequest-62271-baaff81c/engagequest_frontend/src/node_modules doesn't exist or is not a directory
      looking for modules in /home/kavia/workspace/code-generation/engagequest-62271-baaff81c/engagequest_frontend/node_modules
        single file module
          using description file: /home/kavia/workspace/code-generation/engagequest-62271-baaff81c/engagequest_frontend/package.json (relative path: ./node_modules/react-router-dom)
            no extension
              Field 'browser' doesn't contain a valid alias configuration
              /home/kavia/workspace/code-generation/engagequest-62271-baaff81c/engagequest_frontend/node_modules/react-router-dom doesn't exist
            .js
              Field 'browser' doesn't contain a valid alias configuration
              /home/kavia/workspace/code-generation/engagequest-62271-baaff81c/engagequest_frontend/node_modules/react-router-dom.js doesn't exist
            .jsx
              Field 'browser' doesn't contain a valid alias configuration
              /home/kavia/workspace/code-generation/engagequest-62271-baaff81c/engagequest_frontend/node_modules/react-router-dom.jsx doesn't exist
        /home/kavia/workspace/code-generation/engagequest-62271-baaff81c/engagequest_frontend/node_modules/react-router-dom doesn't exist
      /home/kavia/workspace/code-generation/engagequest-62271-baaff81c/node_modules doesn't exist or is not a directory
      /home/kavia/workspace/code-generation/node_modules doesn't exist or is not a directory
      /home/kavia/workspace/node_modules doesn't exist or is not a directory
      /home/kavia/node_modules doesn't exist or is not a directory
      /home/node_modules doesn't exist or is not a directory
      /node_modules doesn't exist or is not a directory
 @ ./src/index.js 5:0-24 11:32-35

webpack 5.99.9 compiled with 1 error in 210 ms
Injecting EditorRootWrapper import: ../.ve/EditorRootWrapper
assets by path *.js 1.42 MiB
  asset bundle.js 1.42 MiB [emitted] (name: main)
  asset main.f149fec857549b2bcb79.hot-update.js 854 bytes [emitted] [immutable] [hmr] (name: main)
asset index.html 1.98 KiB [emitted]
asset main.f149fec857549b2bcb79.hot-update.json 28 bytes [emitted] [immutable] [hmr]
Entrypoint main 1.42 MiB = bundle.js 1.42 MiB main.f149fec857549b2bcb79.hot-update.js 854 bytes
cached modules 1.25 MiB [cached] 37 modules
runtime modules 27.5 KiB 14 modules
javascript modules 31.4 KiB
  modules by path ./.ve/ 12.2 KiB
    ./.ve/EditorRootWrapper.js 2.68 KiB [built]
    ./.ve/EditorOverlay.jsx 1.58 KiB [built]
    ./.ve/SidePanel.js 7.93 KiB [built]
  modules by path ./src/*.js 19.2 KiB
    ./src/index.js 530 bytes [built]
    ./src/App.js 18.7 KiB [built]

ERROR in ./src/App.js 2:0-90
Module not found: Error: Can't resolve 'react-router-dom' in '/home/kavia/workspace/code-generation/engagequest-62271-baaff81c/engagequest_frontend/src'
resolve 'react-router-dom' in '/home/kavia/workspace/code-generation/engagequest-62271-baaff81c/engagequest_frontend/src'
  Parsed request is a module
  using description file: /home/kavia/workspace/code-generation/engagequest-62271-baaff81c/engagequest_frontend/package.json (relative path: ./src)
    Field 'browser' doesn't contain a valid alias configuration
    resolve as module
      /home/kavia/workspace/code-generation/engagequest-62271-baaff81c/engagequest_frontend/src/node_modules doesn't exist or is not a directory
      looking for modules in /home/kavia/workspace/code-generation/engagequest-62271-baaff81c/engagequest_frontend/node_modules
        single file module
          using description file: /home/kavia/workspace/code-generation/engagequest-62271-baaff81c/engagequest_frontend/package.json (relative path: ./node_modules/react-router-dom)
            no extension
              Field 'browser' doesn't contain a valid alias configuration
              /home/kavia/workspace/code-generation/engagequest-62271-baaff81c/engagequest_frontend/node_modules/react-router-dom doesn't exist
            .js
              Field 'browser' doesn't contain a valid alias configuration
              /home/kavia/workspace/code-generation/engagequest-62271-baaff81c/engagequest_frontend/node_modules/react-router-dom.js doesn't exist
            .jsx
              Field 'browser' doesn't contain a valid alias configuration
              /home/kavia/workspace/code-generation/engagequest-62271-baaff81c/engagequest_frontend/node_modules/react-router-dom.jsx doesn't exist
        /home/kavia/workspace/code-generation/engagequest-62271-baaff81c/engagequest_frontend/node_modules/react-router-dom doesn't exist
      /home/kavia/workspace/code-generation/engagequest-62271-baaff81c/node_modules doesn't exist or is not a directory
      /home/kavia/workspace/code-generation/node_modules doesn't exist or is not a directory
      /home/kavia/workspace/node_modules doesn't exist or is not a directory
      /home/kavia/node_modules doesn't exist or is not a directory
      /home/node_modules doesn't exist or is not a directory
      /node_modules doesn't exist or is not a directory
 @ ./src/index.js 5:0-24 11:32-35

webpack 5.99.9 compiled with 1 error in 234 ms
assets by status 1.98 KiB [cached] 1 asset
assets by path *.js 1.42 MiB
  asset bundle.js 1.42 MiB [emitted] (name: main)
  asset main.72952d809cbae0379ea0.hot-update.js 4.7 KiB [emitted] [immutable] [hmr] (name: main)
asset main.72952d809cbae0379ea0.hot-update.json 28 bytes [emitted] [immutable] [hmr]
Entrypoint main 1.42 MiB = bundle.js 1.42 MiB main.72952d809cbae0379ea0.hot-update.js 4.7 KiB
cached modules 1.28 MiB [cached] 41 modules
runtime modules 27.5 KiB 14 modules
./node_modules/css-loader/dist/cjs.js!./src/App.css 2.24 KiB [built] [code generated]

ERROR in ./src/App.js 2:0-90
Module not found: Error: Can't resolve 'react-router-dom' in '/home/kavia/workspace/code-generation/engagequest-62271-baaff81c/engagequest_frontend/src'
resolve 'react-router-dom' in '/home/kavia/workspace/code-generation/engagequest-62271-baaff81c/engagequest_frontend/src'
  Parsed request is a module
  using description file: /home/kavia/workspace/code-generation/engagequest-62271-baaff81c/engagequest_frontend/package.json (relative path: ./src)
    Field 'browser' doesn't contain a valid alias configuration
    resolve as module
      /home/kavia/workspace/code-generation/engagequest-62271-baaff81c/engagequest_frontend/src/node_modules doesn't exist or is not a directory
      looking for modules in /home/kavia/workspace/code-generation/engagequest-62271-baaff81c/engagequest_frontend/node_modules
        single file module
          using description file: /home/kavia/workspace/code-generation/engagequest-62271-baaff81c/engagequest_frontend/package.json (relative path: ./node_modules/react-router-dom)
            no extension
              Field 'browser' doesn't contain a valid alias configuration
              /home/kavia/workspace/code-generation/engagequest-62271-baaff81c/engagequest_frontend/node_modules/react-router-dom doesn't exist
            .js
              Field 'browser' doesn't contain a valid alias configuration
              /home/kavia/workspace/code-generation/engagequest-62271-baaff81c/engagequest_frontend/node_modules/react-router-dom.js doesn't exist
            .jsx
              Field 'browser' doesn't contain a valid alias configuration
              /home/kavia/workspace/code-generation/engagequest-62271-baaff81c/engagequest_frontend/node_modules/react-router-dom.jsx doesn't exist
        /home/kavia/workspace/code-generation/engagequest-62271-baaff81c/engagequest_frontend/node_modules/react-router-dom doesn't exist
      /home/kavia/workspace/code-generation/engagequest-62271-baaff81c/node_modules doesn't exist or is not a directory
      /home/kavia/workspace/code-generation/node_modules doesn't exist or is not a directory
      /home/kavia/workspace/node_modules doesn't exist or is not a directory
      /home/kavia/node_modules doesn't exist or is not a directory
      /home/node_modules doesn't exist or is not a directory
      /node_modules doesn't exist or is not a directory
 @ ./src/index.js 5:0-24 11:32-35

webpack 5.99.9 compiled with 1 error in 42 ms
